# UWProfessorsCustom.csv is a file made by Rich Chen. This csv file includes UW CSE professors and
# the courses they've taught/are teaching/will be teaching from 2021-2023.

# Test when child node are the same, path finding will based on edge label's lexicographical order

loaded graph prof

path from Weber to Beame:
Weber to Beame via 311